{
  "version": "1.5.0",
  "plugins_used": [
    {
      "name": "ArtifactoryDetector"
    },
    {
      "name": "AWSKeyDetector"
    },
    {
      "name": "AzureStorageKeyDetector"
    },
    {
      "name": "Base64HighEntropyString",
      "limit": 4.5
    },
    {
      "name": "BasicAuthDetector"
    },
    {
      "name": "CloudantDetector"
    },
    {
      "name": "DiscordBotTokenDetector"
    },
    {
      "name": "GitHubTokenDetector"
    },
    {
      "name": "GitLabTokenDetector"
    },
    {
      "name": "HexHighEntropyString",
      "limit": 3.0
    },
    {
      "name": "IbmCloudIamDetector"
    },
    {
      "name": "IbmCosHmacDetector"
    },
    {
      "name": "IPPublicDetector"
    },
    {
      "name": "JwtTokenDetector"
    },
    {
      "name": "KeywordDetector",
      "keyword_exclude": ""
    },
    {
      "name": "MailchimpDetector"
    },
    {
      "name": "NpmDetector"
    },
    {
      "name": "OpenAIDetector"
    },
    {
      "name": "PrivateKeyDetector"
    },
    {
      "name": "PypiTokenDetector"
    },
    {
      "name": "SendGridDetector"
    },
    {
      "name": "SlackDetector"
    },
    {
      "name": "SoftlayerDetector"
    },
    {
      "name": "SquareOAuthDetector"
    },
    {
      "name": "StripeDetector"
    },
    {
      "name": "TelegramBotTokenDetector"
    },
    {
      "name": "TwilioKeyDetector"
    }
  ],
  "filters_used": [
    {
      "path": "detect_secrets.filters.allowlist.is_line_allowlisted"
    },
    {
      "path": "detect_secrets.filters.common.is_baseline_file",
      "filename": ".secrets.baseline"
    },
    {
      "path": "detect_secrets.filters.common.is_ignored_due_to_verification_policies",
      "min_level": 2
    },
    {
      "path": "detect_secrets.filters.heuristic.is_indirect_reference"
    },
    {
      "path": "detect_secrets.filters.heuristic.is_likely_id_string"
    },
    {
      "path": "detect_secrets.filters.heuristic.is_lock_file"
    },
    {
      "path": "detect_secrets.filters.heuristic.is_not_alphanumeric_string"
    },
    {
      "path": "detect_secrets.filters.heuristic.is_potential_uuid"
    },
    {
      "path": "detect_secrets.filters.heuristic.is_prefixed_with_dollar_sign"
    },
    {
      "path": "detect_secrets.filters.heuristic.is_sequential_string"
    },
    {
      "path": "detect_secrets.filters.heuristic.is_swagger_file"
    },
    {
      "path": "detect_secrets.filters.heuristic.is_templated_secret"
    }
  ],
  "results": {
    "app/static/vendor/hls.min.js": [
      {
        "type": "Hex High Entropy String",
        "filename": "app/static/vendor/hls.min.js",
        "hashed_secret": "13ada045a259439d902ef040c3fdf3a145b45b30",
        "is_verified": false,
        "line_number": 1,
        "is_secret": false
      }
    ],
    "app/utils/eufy_cloud.py": [
      {
        "type": "Hex High Entropy String",
        "filename": "app/utils/eufy_cloud.py",
        "hashed_secret": "99bacb7f62f3e3d43adbd185b63b861b615f182c",
        "is_verified": false,
        "line_number": 44,
        "is_secret": false
      },
      {
        "type": "Hex High Entropy String",
        "filename": "app/utils/eufy_cloud.py",
        "hashed_secret": "ac33233209b5440ce35f62bac1d89680d5c158c4",
        "is_verified": false,
        "line_number": 45,
        "is_secret": false
      },
      {
        "type": "Base64 High Entropy String",
        "filename": "app/utils/eufy_cloud.py",
        "hashed_secret": "bcb602ab8d038f831d722ea184ab0d6343814edf",
        "is_verified": false,
        "line_number": 1250,
        "is_secret": false
      }
    ],
    "tests/js/login.test.js": [
      {
        "type": "Secret Keyword",
        "filename": "tests/js/login.test.js",
        "hashed_secret": "e5e9fa1ba31ecd1ae84f75caaa474f3a663f05f4",
        "is_verified": false,
        "line_number": 50,
        "is_secret": false
      },
      {
        "type": "Secret Keyword",
        "filename": "tests/js/login.test.js",
        "hashed_secret": "1a91d62f7ca67399625a4368a6ab5d4a3baa6073",
        "is_verified": false,
        "line_number": 73,
        "is_secret": false
      }
    ],
    "tests/test_android_location_routes.py": [
      {
        "type": "Secret Keyword",
        "filename": "tests/test_android_location_routes.py",
        "hashed_secret": "fe1bae27cb7c1fb823f496f286e78f1d2ae87734",
        "is_verified": false,
        "line_number": 10,
        "is_secret": false
      }
    ],
    "tests/test_capture_status_errors.py": [
      {
        "type": "Secret Keyword",
        "filename": "tests/test_capture_status_errors.py",
        "hashed_secret": "b92c5fd5cba98a6233d1b8ae280b96c35da9f89b",
        "is_verified": false,
        "line_number": 127,
        "is_secret": false
      }
    ],
    "tests/test_empty_api_key.py": [
      {
        "type": "Secret Keyword",
        "filename": "tests/test_empty_api_key.py",
        "hashed_secret": "237eadd9df8a9b326795027b9a6daab6b0232060",
        "is_verified": false,
        "line_number": 13,
        "is_secret": false
      }
    ],
    "tests/test_eufy_cloud.py": [
      {
        "type": "Secret Keyword",
        "filename": "tests/test_eufy_cloud.py",
        "hashed_secret": "e5e9fa1ba31ecd1ae84f75caaa474f3a663f05f4",
        "is_verified": false,
        "line_number": 45,
        "is_secret": false
      }
    ],
    "tests/test_household_configuration.py": [
      {
        "type": "Basic Auth Credentials",
        "filename": "tests/test_household_configuration.py",
        "hashed_secret": "5baa61e4c9b93f3f0682250b6cf8331b7ee68fd8",
        "is_verified": false,
        "line_number": 67,
        "is_secret": false
      }
    ],
    "tests/test_kiosk_indicators.py": [
      {
        "type": "Secret Keyword",
        "filename": "tests/test_kiosk_indicators.py",
        "hashed_secret": "a94a8fe5ccb19ba61c4c0873d391e987982fbbd3",
        "is_verified": false,
        "line_number": 89,
        "is_secret": false
      }
    ],
    "tests/test_kiosk_live_routes.py": [
      {
        "type": "Secret Keyword",
        "filename": "tests/test_kiosk_live_routes.py",
        "hashed_secret": "a94a8fe5ccb19ba61c4c0873d391e987982fbbd3",
        "is_verified": false,
        "line_number": 18,
        "is_secret": false
      },
      {
        "type": "Basic Auth Credentials",
        "filename": "tests/test_kiosk_live_routes.py",
        "hashed_secret": "9d4e1e23bd5b727046a9e3b4b7db57bd8d6ee684",
        "is_verified": false,
        "line_number": 76,
        "is_secret": false
      }
    ],
    "tests/test_live_stream_url_resolution.py": [
      {
        "type": "Basic Auth Credentials",
        "filename": "tests/test_live_stream_url_resolution.py",
        "hashed_secret": "9d4e1e23bd5b727046a9e3b4b7db57bd8d6ee684",
        "is_verified": false,
        "line_number": 9,
        "is_secret": false
      }
    ],
    "tests/test_log_summary.py": [
      {
        "type": "Basic Auth Credentials",
        "filename": "tests/test_log_summary.py",
        "hashed_secret": "9d4e1e23bd5b727046a9e3b4b7db57bd8d6ee684",
        "is_verified": false,
        "line_number": 112,
        "is_secret": false
      }
    ],
    "tests/test_rtsp_framing.py": [
      {
        "type": "Basic Auth Credentials",
        "filename": "tests/test_rtsp_framing.py",
        "hashed_secret": "5baa61e4c9b93f3f0682250b6cf8331b7ee68fd8",
        "is_verified": false,
        "line_number": 37,
        "is_secret": false
      }
    ],
    "tests/test_sanitize_url.py": [
      {
        "type": "Basic Auth Credentials",
        "filename": "tests/test_sanitize_url.py",
        "hashed_secret": "9d4e1e23bd5b727046a9e3b4b7db57bd8d6ee684",
        "is_verified": false,
        "line_number": 12,
        "is_secret": false
      }
    ],
    "tests/test_screenshots_additional.py": [
      {
        "type": "Secret Keyword",
        "filename": "tests/test_screenshots_additional.py",
        "hashed_secret": "e5e9fa1ba31ecd1ae84f75caaa474f3a663f05f4",
        "is_verified": false,
        "line_number": 390,
        "is_secret": false
      }
    ],
    "tests/test_site_locations.py": [
      {
        "type": "Basic Auth Credentials",
        "filename": "tests/test_site_locations.py",
        "hashed_secret": "2f87751ae729118cc702e10fcc862aef25ea3eaa",
        "is_verified": false,
        "line_number": 68,
        "is_secret": false
      }
    ],
    "tests/test_sms_media.py": [
      {
        "type": "Secret Keyword",
        "filename": "tests/test_sms_media.py",
        "hashed_secret": "a94a8fe5ccb19ba61c4c0873d391e987982fbbd3",
        "is_verified": false,
        "line_number": 149,
        "is_secret": false
      },
      {
        "type": "Secret Keyword",
        "filename": "tests/test_sms_media.py",
        "hashed_secret": "fe1bae27cb7c1fb823f496f286e78f1d2ae87734",
        "is_verified": false,
        "line_number": 239,
        "is_secret": false
      }
    ]
  },
  "generated_at": "2026-10-01T05:54:26Z"
}
